-- Install configuration: ""
-- Up-to-date: /home/sergio/ros2_ws/install/scara_urdf/share/scara_urdf/config
-- Up-to-date: /home/sergio/ros2_ws/install/scara_urdf/share/scara_urdf/config/joint_names_scara_urdf.yaml
-- Up-to-date: /home/sergio/ros2_ws/install/scara_urdf/share/scara_urdf/launch
-- Up-to-date: /home/sergio/ros2_ws/install/scara_urdf/share/scara_urdf/launch/gazebo.launch.py
-- Up-to-date: /home/sergio/ros2_ws/install/scara_urdf/share/scara_urdf/launch/display.launch.py
-- Up-to-date: /home/sergio/ros2_ws/install/scara_urdf/share/scara_urdf/meshes
-- Up-to-date: /home/sergio/ros2_ws/install/scara_urdf/share/scara_urdf/meshes/Ian.STL
-- Up-to-date: /home/sergio/ros2_ws/install/scara_urdf/share/scara_urdf/meshes/Dave.STL
-- Up-to-date: /home/sergio/ros2_ws/install/scara_urdf/share/scara_urdf/meshes/Alvin.STL
-- Up-to-date: /home/sergio/ros2_ws/install/scara_urdf/share/scara_urdf/meshes/Simon.STL
-- Up-to-date: /home/sergio/ros2_ws/install/scara_urdf/share/scara_urdf/meshes/Teodoro.STL
-- Up-to-date: /home/sergio/ros2_ws/install/scara_urdf/share/scara_urdf/rviz
-- Up-to-date: /home/sergio/ros2_ws/install/scara_urdf/share/scara_urdf/rviz/scara.rviz
-- Up-to-date: /home/sergio/ros2_ws/install/scara_urdf/share/scara_urdf/rviz/urdf.rviz
-- Up-to-date: /home/sergio/ros2_ws/install/scara_urdf/share/scara_urdf/urdf
-- Up-to-date: /home/sergio/ros2_ws/install/scara_urdf/share/scara_urdf/urdf/scara_urdf.urdf
-- Up-to-date: /home/sergio/ros2_ws/install/scara_urdf/share/scara_urdf/urdf/scara_urdf_gz.urdf
-- Up-to-date: /home/sergio/ros2_ws/install/scara_urdf/share/scara_urdf/environment/gz_resource_path.dsv
-- Up-to-date: /home/sergio/ros2_ws/install/scara_urdf/share/ament_index/resource_index/package_run_dependencies/scara_urdf
-- Up-to-date: /home/sergio/ros2_ws/install/scara_urdf/share/ament_index/resource_index/parent_prefix_path/scara_urdf
-- Up-to-date: /home/sergio/ros2_ws/install/scara_urdf/share/scara_urdf/environment/ament_prefix_path.sh
-- Up-to-date: /home/sergio/ros2_ws/install/scara_urdf/share/scara_urdf/environment/ament_prefix_path.dsv
-- Up-to-date: /home/sergio/ros2_ws/install/scara_urdf/share/scara_urdf/environment/path.sh
-- Up-to-date: /home/sergio/ros2_ws/install/scara_urdf/share/scara_urdf/environment/path.dsv
-- Up-to-date: /home/sergio/ros2_ws/install/scara_urdf/share/scara_urdf/local_setup.bash
-- Up-to-date: /home/sergio/ros2_ws/install/scara_urdf/share/scara_urdf/local_setup.fish
-- Up-to-date: /home/sergio/ros2_ws/install/scara_urdf/share/scara_urdf/local_setup.sh
-- Up-to-date: /home/sergio/ros2_ws/install/scara_urdf/share/scara_urdf/local_setup.zsh
-- Up-to-date: /home/sergio/ros2_ws/install/scara_urdf/share/scara_urdf/local_setup.dsv
-- Up-to-date: /home/sergio/ros2_ws/install/scara_urdf/share/scara_urdf/package.dsv
-- Up-to-date: /home/sergio/ros2_ws/install/scara_urdf/share/ament_index/resource_index/packages/scara_urdf
-- Up-to-date: /home/sergio/ros2_ws/install/scara_urdf/share/scara_urdf/cmake/scara_urdfConfig.cmake
-- Up-to-date: /home/sergio/ros2_ws/install/scara_urdf/share/scara_urdf/cmake/scara_urdfConfig-version.cmake
-- Up-to-date: /home/sergio/ros2_ws/install/scara_urdf/share/scara_urdf/package.xml
