[1.876s] Invoking command in '/home/sergio/ros2_ws/src/scara_kinematics': DEBUGINFOD_URLS=https://debuginfod.ubuntu.com PYTHONPATH=/home/sergio/ros2_ws/build/scara_kinematics/prefix_override:/usr/lib/python3/dist-packages/colcon_core/task/python/colcon_distutils_commands:/home/sergio/ros2_ws/install/scara_kinematics/lib/python3.14/site-packages:${PYTHONPATH} /usr/bin/python3 -W ignore:setup.py install is deprecated -W ignore:easy_install command is deprecated setup.py egg_info --egg-base ../../build/scara_kinematics build --build-base /home/sergio/ros2_ws/build/scara_kinematics/build install --record /home/sergio/ros2_ws/build/scara_kinematics/install.log --install-scripts $base/lib/scara_kinematics --single-version-externally-managed install_data
[2.755s] running egg_info
[2.823s] writing ../../build/scara_kinematics/scara_kinematics.egg-info/PKG-INFO
[2.824s] writing dependency_links to ../../build/scara_kinematics/scara_kinematics.egg-info/dependency_links.txt
[2.824s] writing entry points to ../../build/scara_kinematics/scara_kinematics.egg-info/entry_points.txt
[2.825s] writing requirements to ../../build/scara_kinematics/scara_kinematics.egg-info/requires.txt
[2.825s] writing top-level names to ../../build/scara_kinematics/scara_kinematics.egg-info/top_level.txt
[2.934s] reading manifest file '../../build/scara_kinematics/scara_kinematics.egg-info/SOURCES.txt'
[2.936s] writing manifest file '../../build/scara_kinematics/scara_kinematics.egg-info/SOURCES.txt'
[2.937s] running build
[2.937s] running build_py
[2.939s] copying scara_kinematics/esp.py -> /home/sergio/ros2_ws/build/scara_kinematics/build/lib/scara_kinematics
[2.939s] copying scara_kinematics/protocolo.py -> /home/sergio/ros2_ws/build/scara_kinematics/build/lib/scara_kinematics
[2.939s] copying scara_kinematics/motor.py -> /home/sergio/ros2_ws/build/scara_kinematics/build/lib/scara_kinematics
[2.940s] copying scara_kinematics/urdf_fk.py -> /home/sergio/ros2_ws/build/scara_kinematics/build/lib/scara_kinematics
[2.941s] copying scara_kinematics/estilo.py -> /home/sergio/ros2_ws/build/scara_kinematics/build/lib/scara_kinematics
[2.941s] copying scara_kinematics/model.py -> /home/sergio/ros2_ws/build/scara_kinematics/build/lib/scara_kinematics
[2.943s] copying scara_kinematics/esp_rec.py -> /home/sergio/ros2_ws/build/scara_kinematics/build/lib/scara_kinematics
[2.943s] copying scara_kinematics/teodoro.py -> /home/sergio/ros2_ws/build/scara_kinematics/build/lib/scara_kinematics
[2.943s] copying scara_kinematics/__init__.py -> /home/sergio/ros2_ws/build/scara_kinematics/build/lib/scara_kinematics
[2.943s] copying scara_kinematics/brazo_hw.py -> /home/sergio/ros2_ws/build/scara_kinematics/build/lib/scara_kinematics
[2.943s] copying scara_kinematics/alvin.py -> /home/sergio/ros2_ws/build/scara_kinematics/build/lib/scara_kinematics
[2.944s] copying scara_kinematics/auditor.py -> /home/sergio/ros2_ws/build/scara_kinematics/build/lib/scara_kinematics
[2.944s] copying scara_kinematics/simon.py -> /home/sergio/ros2_ws/build/scara_kinematics/build/lib/scara_kinematics
[2.944s] copying scara_kinematics/cc.py -> /home/sergio/ros2_ws/build/scara_kinematics/build/lib/scara_kinematics
[2.946s] running install
[2.957s] running install_lib
[3.013s] copying /home/sergio/ros2_ws/build/scara_kinematics/build/lib/scara_kinematics/auditor.py -> /home/sergio/ros2_ws/install/scara_kinematics/lib/python3.14/site-packages/scara_kinematics
[3.014s] byte-compiling /home/sergio/ros2_ws/install/scara_kinematics/lib/python3.14/site-packages/scara_kinematics/auditor.py to auditor.cpython-314.pyc
[3.034s] running install_data
[3.034s] copying resource/scara_kinematics -> /home/sergio/ros2_ws/install/scara_kinematics/share/ament_index/resource_index/packages
[3.035s] copying package.xml -> /home/sergio/ros2_ws/install/scara_kinematics/share/scara_kinematics
[3.035s] copying launch/rviz.launch.py -> /home/sergio/ros2_ws/install/scara_kinematics/share/scara_kinematics/launch
[3.036s] copying launch/brazo.launch.py -> /home/sergio/ros2_ws/install/scara_kinematics/share/scara_kinematics/launch
[3.036s] copying launch/gazebo.launch.py -> /home/sergio/ros2_ws/install/scara_kinematics/share/scara_kinematics/launch
[3.039s] copying launch/auditar.launch.py -> /home/sergio/ros2_ws/install/scara_kinematics/share/scara_kinematics/launch
[3.039s] copying config/scara_urdf3.yaml -> /home/sergio/ros2_ws/install/scara_kinematics/share/scara_kinematics/config
[3.040s] copying config/scara_urdf.yaml -> /home/sergio/ros2_ws/install/scara_kinematics/share/scara_kinematics/config
[3.040s] copying rviz/scara.rviz -> /home/sergio/ros2_ws/install/scara_kinematics/share/scara_kinematics/rviz
[3.040s] copying firmware/scara_esp32/scara_esp32.ino -> /home/sergio/ros2_ws/install/scara_kinematics/share/scara_kinematics/firmware/scara_esp32
[3.040s] copying firmware/scara_esp32/scara_esp32.ino.bak4gdl -> /home/sergio/ros2_ws/install/scara_kinematics/share/scara_kinematics/firmware/scara_esp32
[3.040s] running install_egg_info
[3.092s] removing '/home/sergio/ros2_ws/install/scara_kinematics/lib/python3.14/site-packages/scara_kinematics-1.0.0-py3.14.egg-info' (and everything under it)
[3.093s] Copying ../../build/scara_kinematics/scara_kinematics.egg-info to /home/sergio/ros2_ws/install/scara_kinematics/lib/python3.14/site-packages/scara_kinematics-1.0.0-py3.14.egg-info
[3.096s] running install_scripts
[3.387s] Installing alvin script to /home/sergio/ros2_ws/install/scara_kinematics/lib/scara_kinematics
[3.387s] Installing auditor script to /home/sergio/ros2_ws/install/scara_kinematics/lib/scara_kinematics
[3.388s] Installing brazo_hw script to /home/sergio/ros2_ws/install/scara_kinematics/lib/scara_kinematics
[3.388s] Installing cc script to /home/sergio/ros2_ws/install/scara_kinematics/lib/scara_kinematics
[3.389s] Installing esp script to /home/sergio/ros2_ws/install/scara_kinematics/lib/scara_kinematics
[3.389s] Installing esp_rec script to /home/sergio/ros2_ws/install/scara_kinematics/lib/scara_kinematics
[3.389s] Installing simon script to /home/sergio/ros2_ws/install/scara_kinematics/lib/scara_kinematics
[3.389s] Installing teodoro script to /home/sergio/ros2_ws/install/scara_kinematics/lib/scara_kinematics
[3.390s] writing list of installed files to '/home/sergio/ros2_ws/build/scara_kinematics/install.log'
[3.472s] Invoked command in '/home/sergio/ros2_ws/src/scara_kinematics' returned '0': DEBUGINFOD_URLS=https://debuginfod.ubuntu.com PYTHONPATH=/home/sergio/ros2_ws/build/scara_kinematics/prefix_override:/usr/lib/python3/dist-packages/colcon_core/task/python/colcon_distutils_commands:/home/sergio/ros2_ws/install/scara_kinematics/lib/python3.14/site-packages:${PYTHONPATH} /usr/bin/python3 -W ignore:setup.py install is deprecated -W ignore:easy_install command is deprecated setup.py egg_info --egg-base ../../build/scara_kinematics build --build-base /home/sergio/ros2_ws/build/scara_kinematics/build install --record /home/sergio/ros2_ws/build/scara_kinematics/install.log --install-scripts $base/lib/scara_kinematics --single-version-externally-managed install_data
