[2.665s] Invoking command in '/home/sergio/ros2_ws/src/scara_kinematics': DEBUGINFOD_URLS=https://debuginfod.ubuntu.com PYTHONPATH=/home/sergio/ros2_ws/build/scara_kinematics/prefix_override:/usr/lib/python3/dist-packages/colcon_core/task/python/colcon_distutils_commands:/home/sergio/ros2_ws/install/scara_kinematics/lib/python3.14/site-packages:${PYTHONPATH} /usr/bin/python3 -W ignore:setup.py install is deprecated -W ignore:easy_install command is deprecated setup.py egg_info --egg-base ../../build/scara_kinematics build --build-base /home/sergio/ros2_ws/build/scara_kinematics/build install --record /home/sergio/ros2_ws/build/scara_kinematics/install.log --install-scripts $base/lib/scara_kinematics --single-version-externally-managed install_data
[3.724s] running egg_info
[3.804s] writing ../../build/scara_kinematics/scara_kinematics.egg-info/PKG-INFO
[3.806s] writing dependency_links to ../../build/scara_kinematics/scara_kinematics.egg-info/dependency_links.txt
[3.807s] writing entry points to ../../build/scara_kinematics/scara_kinematics.egg-info/entry_points.txt
[3.809s] writing requirements to ../../build/scara_kinematics/scara_kinematics.egg-info/requires.txt
[3.809s] writing top-level names to ../../build/scara_kinematics/scara_kinematics.egg-info/top_level.txt
[3.963s] reading manifest file '../../build/scara_kinematics/scara_kinematics.egg-info/SOURCES.txt'
[3.968s] writing manifest file '../../build/scara_kinematics/scara_kinematics.egg-info/SOURCES.txt'
[3.969s] running build
[3.970s] running build_py
[3.971s] copying scara_kinematics/esp.py -> /home/sergio/ros2_ws/build/scara_kinematics/build/lib/scara_kinematics
[3.972s] copying scara_kinematics/protocolo.py -> /home/sergio/ros2_ws/build/scara_kinematics/build/lib/scara_kinematics
[3.973s] copying scara_kinematics/motor.py -> /home/sergio/ros2_ws/build/scara_kinematics/build/lib/scara_kinematics
[3.975s] copying scara_kinematics/tray_gui.py -> /home/sergio/ros2_ws/build/scara_kinematics/build/lib/scara_kinematics
[3.976s] copying scara_kinematics/urdf_fk.py -> /home/sergio/ros2_ws/build/scara_kinematics/build/lib/scara_kinematics
[3.978s] copying scara_kinematics/estilo.py -> /home/sergio/ros2_ws/build/scara_kinematics/build/lib/scara_kinematics
[3.978s] copying scara_kinematics/tray.py -> /home/sergio/ros2_ws/build/scara_kinematics/build/lib/scara_kinematics
[3.979s] copying scara_kinematics/model.py -> /home/sergio/ros2_ws/build/scara_kinematics/build/lib/scara_kinematics
[3.980s] copying scara_kinematics/trayectoria.py -> /home/sergio/ros2_ws/build/scara_kinematics/build/lib/scara_kinematics
[3.983s] copying scara_kinematics/esp_rec.py -> /home/sergio/ros2_ws/build/scara_kinematics/build/lib/scara_kinematics
[3.983s] copying scara_kinematics/teodoro.py -> /home/sergio/ros2_ws/build/scara_kinematics/build/lib/scara_kinematics
[3.983s] copying scara_kinematics/__init__.py -> /home/sergio/ros2_ws/build/scara_kinematics/build/lib/scara_kinematics
[3.984s] copying scara_kinematics/brazo_hw.py -> /home/sergio/ros2_ws/build/scara_kinematics/build/lib/scara_kinematics
[3.986s] copying scara_kinematics/alvin.py -> /home/sergio/ros2_ws/build/scara_kinematics/build/lib/scara_kinematics
[3.986s] copying scara_kinematics/auditor.py -> /home/sergio/ros2_ws/build/scara_kinematics/build/lib/scara_kinematics
[3.986s] copying scara_kinematics/simon.py -> /home/sergio/ros2_ws/build/scara_kinematics/build/lib/scara_kinematics
[3.987s] copying scara_kinematics/cc.py -> /home/sergio/ros2_ws/build/scara_kinematics/build/lib/scara_kinematics
[3.989s] running install
[4.006s] running install_lib
[4.076s] copying /home/sergio/ros2_ws/build/scara_kinematics/build/lib/scara_kinematics/tray_gui.py -> /home/sergio/ros2_ws/install/scara_kinematics/lib/python3.14/site-packages/scara_kinematics
[4.079s] byte-compiling /home/sergio/ros2_ws/install/scara_kinematics/lib/python3.14/site-packages/scara_kinematics/tray_gui.py to tray_gui.cpython-314.pyc
[4.124s] running install_data
[4.124s] copying resource/scara_kinematics -> /home/sergio/ros2_ws/install/scara_kinematics/share/ament_index/resource_index/packages
[4.125s] copying package.xml -> /home/sergio/ros2_ws/install/scara_kinematics/share/scara_kinematics
[4.126s] copying launch/rviz.launch.py -> /home/sergio/ros2_ws/install/scara_kinematics/share/scara_kinematics/launch
[4.128s] copying launch/trayectoria.launch.py -> /home/sergio/ros2_ws/install/scara_kinematics/share/scara_kinematics/launch
[4.128s] copying launch/brazo.launch.py -> /home/sergio/ros2_ws/install/scara_kinematics/share/scara_kinematics/launch
[4.130s] copying launch/tray_gui.launch.py -> /home/sergio/ros2_ws/install/scara_kinematics/share/scara_kinematics/launch
[4.132s] copying launch/gazebo.launch.py -> /home/sergio/ros2_ws/install/scara_kinematics/share/scara_kinematics/launch
[4.132s] copying launch/auditar.launch.py -> /home/sergio/ros2_ws/install/scara_kinematics/share/scara_kinematics/launch
[4.132s] copying config/scara_urdf3.yaml -> /home/sergio/ros2_ws/install/scara_kinematics/share/scara_kinematics/config
[4.133s] copying config/scara_urdf.yaml -> /home/sergio/ros2_ws/install/scara_kinematics/share/scara_kinematics/config
[4.134s] copying rviz/scara.rviz -> /home/sergio/ros2_ws/install/scara_kinematics/share/scara_kinematics/rviz
[4.135s] copying firmware/scara_esp32/scara_esp32.ino -> /home/sergio/ros2_ws/install/scara_kinematics/share/scara_kinematics/firmware/scara_esp32
[4.137s] copying firmware/scara_esp32/scara_esp32.ino.bak4gdl -> /home/sergio/ros2_ws/install/scara_kinematics/share/scara_kinematics/firmware/scara_esp32
[4.137s] running install_egg_info
[4.205s] removing '/home/sergio/ros2_ws/install/scara_kinematics/lib/python3.14/site-packages/scara_kinematics-1.0.0-py3.14.egg-info' (and everything under it)
[4.206s] Copying ../../build/scara_kinematics/scara_kinematics.egg-info to /home/sergio/ros2_ws/install/scara_kinematics/lib/python3.14/site-packages/scara_kinematics-1.0.0-py3.14.egg-info
[4.208s] running install_scripts
[4.534s] Installing alvin script to /home/sergio/ros2_ws/install/scara_kinematics/lib/scara_kinematics
[4.534s] Installing auditor script to /home/sergio/ros2_ws/install/scara_kinematics/lib/scara_kinematics
[4.535s] Installing brazo_hw script to /home/sergio/ros2_ws/install/scara_kinematics/lib/scara_kinematics
[4.536s] Installing cc script to /home/sergio/ros2_ws/install/scara_kinematics/lib/scara_kinematics
[4.537s] Installing esp script to /home/sergio/ros2_ws/install/scara_kinematics/lib/scara_kinematics
[4.539s] Installing esp_rec script to /home/sergio/ros2_ws/install/scara_kinematics/lib/scara_kinematics
[4.539s] Installing simon script to /home/sergio/ros2_ws/install/scara_kinematics/lib/scara_kinematics
[4.539s] Installing teodoro script to /home/sergio/ros2_ws/install/scara_kinematics/lib/scara_kinematics
[4.540s] Installing tray script to /home/sergio/ros2_ws/install/scara_kinematics/lib/scara_kinematics
[4.541s] Installing tray_gui script to /home/sergio/ros2_ws/install/scara_kinematics/lib/scara_kinematics
[4.545s] writing list of installed files to '/home/sergio/ros2_ws/build/scara_kinematics/install.log'
[4.635s] Invoked command in '/home/sergio/ros2_ws/src/scara_kinematics' returned '0': DEBUGINFOD_URLS=https://debuginfod.ubuntu.com PYTHONPATH=/home/sergio/ros2_ws/build/scara_kinematics/prefix_override:/usr/lib/python3/dist-packages/colcon_core/task/python/colcon_distutils_commands:/home/sergio/ros2_ws/install/scara_kinematics/lib/python3.14/site-packages:${PYTHONPATH} /usr/bin/python3 -W ignore:setup.py install is deprecated -W ignore:easy_install command is deprecated setup.py egg_info --egg-base ../../build/scara_kinematics build --build-base /home/sergio/ros2_ws/build/scara_kinematics/build install --record /home/sergio/ros2_ws/build/scara_kinematics/install.log --install-scripts $base/lib/scara_kinematics --single-version-externally-managed install_data
