[-1790655660172671232.000s] DEBUG:colcon:Command line arguments: ['/usr/bin/colcon', 'build', '--packages-select', 'scara_kinematics']
[-1790655660172671232.000s] DEBUG:colcon:Parsed command line arguments: Namespace(log_base=None, log_level=None, verb_name='build', build_base='build', install_base='install', merge_install=False, symlink_install=False, test_result_base=None, continue_on_error=False, executor='parallel', parallel_workers=4, event_handlers=None, ignore_user_meta=False, metas=['./colcon.meta'], base_paths=['.'], packages_ignore=None, packages_ignore_regex=None, paths=None, packages_up_to=None, packages_up_to_regex=None, packages_above=None, packages_above_and_dependencies=None, packages_above_depth=None, packages_select_by_dep=None, packages_skip_by_dep=None, packages_skip_up_to=None, packages_select_build_failed=False, packages_skip_build_finished=False, packages_select_test_failures=False, packages_skip_test_passed=False, packages_select=['scara_kinematics'], packages_skip=None, packages_select_regex=None, packages_skip_regex=None, packages_start=None, packages_end=None, allow_overriding=[], cmake_args=None, cmake_target=None, cmake_target_skip_unavailable=False, cmake_clean_cache=False, cmake_clean_first=False, cmake_force_configure=False, ament_cmake_args=None, catkin_cmake_args=None, catkin_skip_building_tests=False, mixin_files=None, mixin=None, verb_parser=<colcon_mixin.mixin.mixin_argument.MixinArgumentDecorator object at 0x7a5d3f30c050>, verb_extension=<colcon_core.verb.build.BuildVerb object at 0x7a5d3f623b60>, main=<bound method BuildVerb.main of <colcon_core.verb.build.BuildVerb object at 0x7a5d3f623b60>>, mixin_verb=('build',))
[-1790655660172671232.000s] Level 1:colcon.colcon_core.package_discovery:discover_packages(colcon_meta) check parameters
[-1790655660172671232.000s] Level 1:colcon.colcon_core.package_discovery:discover_packages(recursive) check parameters
[-1790655660172671232.000s] Level 1:colcon.colcon_core.package_discovery:discover_packages(ignore) check parameters
[-1790655660172671232.000s] Level 1:colcon.colcon_core.package_discovery:discover_packages(path) check parameters
[-1790655660172671232.000s] Level 1:colcon.colcon_core.package_discovery:discover_packages(colcon_meta) discover
[-1790655660172671232.000s] Level 1:colcon.colcon_core.package_discovery:discover_packages(recursive) discover
[-1790655660172671232.000s] INFO:colcon.colcon_core.package_discovery:Crawling recursively for packages in '/home/sergio/ros2_ws'
[-1790655660172671232.000s] Level 1:colcon.colcon_core.package_identification:_identify(.) by extensions ['ignore', 'ignore_ament_install']
[-1790655660172671232.000s] Level 1:colcon.colcon_core.package_identification:_identify(.) by extension 'ignore'
[-1790655660172671232.000s] Level 1:colcon.colcon_core.package_identification:_identify(.) by extension 'ignore_ament_install'
[-1790655660172671232.000s] Level 1:colcon.colcon_core.package_identification:_identify(.) by extensions ['colcon_pkg']
[-1790655660172671232.000s] Level 1:colcon.colcon_core.package_identification:_identify(.) by extension 'colcon_pkg'
[-1790655660172671232.000s] Level 1:colcon.colcon_core.package_identification:_identify(.) by extensions ['colcon_meta']
[-1790655660172671232.000s] Level 1:colcon.colcon_core.package_identification:_identify(.) by extension 'colcon_meta'
[-1790655660172671232.000s] Level 1:colcon.colcon_core.package_identification:_identify(.) by extensions ['ros']
[-1790655660172671232.000s] Level 1:colcon.colcon_core.package_identification:_identify(.) by extension 'ros'
[-1790655660172671232.000s] Level 1:colcon.colcon_core.package_identification:_identify(.) by extensions ['cmake', 'python']
[-1790655660172671232.000s] Level 1:colcon.colcon_core.package_identification:_identify(.) by extension 'cmake'
[-1790655660172671232.000s] Level 1:colcon.colcon_core.package_identification:_identify(.) by extension 'python'
[-1790655660172671232.000s] Level 1:colcon.colcon_core.package_identification:_identify(.) by extensions ['python_setup_py']
[-1790655660172671232.000s] Level 1:colcon.colcon_core.package_identification:_identify(.) by extension 'python_setup_py'
[-1790655660172671232.000s] Level 1:colcon.colcon_core.package_identification:_identify(build) by extensions ['ignore', 'ignore_ament_install']
[-1790655660172671232.000s] Level 1:colcon.colcon_core.package_identification:_identify(build) by extension 'ignore'
[-1790655660172671232.000s] Level 1:colcon.colcon_core.package_identification:_identify(build) ignored
[-1790655660172671232.000s] Level 1:colcon.colcon_core.package_identification:_identify(install) by extensions ['ignore', 'ignore_ament_install']
[-1790655660172671232.000s] Level 1:colcon.colcon_core.package_identification:_identify(install) by extension 'ignore'
[-1790655660172671232.000s] Level 1:colcon.colcon_core.package_identification:_identify(install) ignored
[-1790655660172671232.000s] Level 1:colcon.colcon_core.package_identification:_identify(log) by extensions ['ignore', 'ignore_ament_install']
[-1790655660172671232.000s] Level 1:colcon.colcon_core.package_identification:_identify(log) by extension 'ignore'
[-1790655660172671232.000s] Level 1:colcon.colcon_core.package_identification:_identify(log) ignored
[-1790655660172671232.000s] Level 1:colcon.colcon_core.package_identification:_identify(src) by extensions ['ignore', 'ignore_ament_install']
[-1790655660172671232.000s] Level 1:colcon.colcon_core.package_identification:_identify(src) by extension 'ignore'
[-1790655660172671232.000s] Level 1:colcon.colcon_core.package_identification:_identify(src) by extension 'ignore_ament_install'
[-1790655660172671232.000s] Level 1:colcon.colcon_core.package_identification:_identify(src) by extensions ['colcon_pkg']
[-1790655660172671232.000s] Level 1:colcon.colcon_core.package_identification:_identify(src) by extension 'colcon_pkg'
[-1790655660172671232.000s] Level 1:colcon.colcon_core.package_identification:_identify(src) by extensions ['colcon_meta']
[-1790655660172671232.000s] Level 1:colcon.colcon_core.package_identification:_identify(src) by extension 'colcon_meta'
[-1790655660172671232.000s] Level 1:colcon.colcon_core.package_identification:_identify(src) by extensions ['ros']
[-1790655660172671232.000s] Level 1:colcon.colcon_core.package_identification:_identify(src) by extension 'ros'
[-1790655660172671232.000s] Level 1:colcon.colcon_core.package_identification:_identify(src) by extensions ['cmake', 'python']
[-1790655660172671232.000s] Level 1:colcon.colcon_core.package_identification:_identify(src) by extension 'cmake'
[-1790655660172671232.000s] Level 1:colcon.colcon_core.package_identification:_identify(src) by extension 'python'
[-1790655660172671232.000s] Level 1:colcon.colcon_core.package_identification:_identify(src) by extensions ['python_setup_py']
[-1790655660172671232.000s] Level 1:colcon.colcon_core.package_identification:_identify(src) by extension 'python_setup_py'
[-1790655660172671232.000s] Level 1:colcon.colcon_core.package_identification:_identify(src/scara_kinematics) by extensions ['ignore', 'ignore_ament_install']
[-1790655660172671232.000s] Level 1:colcon.colcon_core.package_identification:_identify(src/scara_kinematics) by extension 'ignore'
[-1790655660172671232.000s] Level 1:colcon.colcon_core.package_identification:_identify(src/scara_kinematics) by extension 'ignore_ament_install'
[-1790655660172671232.000s] Level 1:colcon.colcon_core.package_identification:_identify(src/scara_kinematics) by extensions ['colcon_pkg']
[-1790655660172671232.000s] Level 1:colcon.colcon_core.package_identification:_identify(src/scara_kinematics) by extension 'colcon_pkg'
[-1790655660172671232.000s] Level 1:colcon.colcon_core.package_identification:_identify(src/scara_kinematics) by extensions ['colcon_meta']
[-1790655660172671232.000s] Level 1:colcon.colcon_core.package_identification:_identify(src/scara_kinematics) by extension 'colcon_meta'
[-1790655660172671232.000s] Level 1:colcon.colcon_core.package_identification:_identify(src/scara_kinematics) by extensions ['ros']
[-1790655660172671232.000s] Level 1:colcon.colcon_core.package_identification:_identify(src/scara_kinematics) by extension 'ros'
[-1790655660172671232.000s] DEBUG:colcon.colcon_core.package_identification:Package 'src/scara_kinematics' with type 'ros.ament_python' and name 'scara_kinematics'
[-1790655660172671232.000s] Level 1:colcon.colcon_core.package_identification:_identify(src/scara_urdf) by extensions ['ignore', 'ignore_ament_install']
[-1790655660172671232.000s] Level 1:colcon.colcon_core.package_identification:_identify(src/scara_urdf) by extension 'ignore'
[-1790655660172671232.000s] Level 1:colcon.colcon_core.package_identification:_identify(src/scara_urdf) by extension 'ignore_ament_install'
[-1790655660172671232.000s] Level 1:colcon.colcon_core.package_identification:_identify(src/scara_urdf) by extensions ['colcon_pkg']
[-1790655660172671232.000s] Level 1:colcon.colcon_core.package_identification:_identify(src/scara_urdf) by extension 'colcon_pkg'
[-1790655660172671232.000s] Level 1:colcon.colcon_core.package_identification:_identify(src/scara_urdf) by extensions ['colcon_meta']
[-1790655660172671232.000s] Level 1:colcon.colcon_core.package_identification:_identify(src/scara_urdf) by extension 'colcon_meta'
[-1790655660172671232.000s] Level 1:colcon.colcon_core.package_identification:_identify(src/scara_urdf) by extensions ['ros']
[-1790655660172671232.000s] Level 1:colcon.colcon_core.package_identification:_identify(src/scara_urdf) by extension 'ros'
[-1790655660172671232.000s] DEBUG:colcon.colcon_core.package_identification:Package 'src/scara_urdf' with type 'ros.ament_cmake' and name 'scara_urdf'
[-1790655660172671232.000s] Level 1:colcon.colcon_core.package_discovery:discover_packages(recursive) using defaults
[-1790655660172671232.000s] Level 1:colcon.colcon_core.package_discovery:discover_packages(ignore) discover
[-1790655660172671232.000s] Level 1:colcon.colcon_core.package_discovery:discover_packages(ignore) using defaults
[-1790655660172671232.000s] Level 1:colcon.colcon_core.package_discovery:discover_packages(path) discover
[-1790655660172671232.000s] Level 1:colcon.colcon_core.package_discovery:discover_packages(path) using defaults
[-1790655660172671232.000s] INFO:colcon.colcon_core.package_selection:Skipping not selected package 'scara_urdf' in 'src/scara_urdf'
[-1790655660172671232.000s] Level 1:colcon.colcon_core.package_discovery:discover_packages(prefix_path) check parameters
[-1790655660172671232.000s] Level 1:colcon.colcon_core.package_discovery:discover_packages(prefix_path) discover
[-1790655660172671232.000s] DEBUG:colcon.colcon_installed_package_information.package_discovery:Found 0 installed packages in /home/sergio/proyectos/ros2_ws/install
[-1790655660172671232.000s] DEBUG:colcon.colcon_installed_package_information.package_discovery:Found 323 installed packages in /opt/ros/lyrical
[-1790655660172671232.000s] Level 1:colcon.colcon_core.package_discovery:discover_packages(prefix_path) using defaults
[-1790655660172671232.000s] Level 5:colcon.colcon_core.verb:set package 'scara_kinematics' build argument 'cmake_args' from command line to 'None'
[-1790655660172671232.000s] Level 5:colcon.colcon_core.verb:set package 'scara_kinematics' build argument 'cmake_target' from command line to 'None'
[-1790655660172671232.000s] Level 5:colcon.colcon_core.verb:set package 'scara_kinematics' build argument 'cmake_target_skip_unavailable' from command line to 'False'
[-1790655660172671232.000s] Level 5:colcon.colcon_core.verb:set package 'scara_kinematics' build argument 'cmake_clean_cache' from command line to 'False'
[-1790655660172671232.000s] Level 5:colcon.colcon_core.verb:set package 'scara_kinematics' build argument 'cmake_clean_first' from command line to 'False'
[-1790655660172671232.000s] Level 5:colcon.colcon_core.verb:set package 'scara_kinematics' build argument 'cmake_force_configure' from command line to 'False'
[-1790655660172671232.000s] Level 5:colcon.colcon_core.verb:set package 'scara_kinematics' build argument 'ament_cmake_args' from command line to 'None'
[-1790655660172671232.000s] Level 5:colcon.colcon_core.verb:set package 'scara_kinematics' build argument 'catkin_cmake_args' from command line to 'None'
[-1790655660172671232.000s] Level 5:colcon.colcon_core.verb:set package 'scara_kinematics' build argument 'catkin_skip_building_tests' from command line to 'False'
[-1790655660172671232.000s] DEBUG:colcon.colcon_core.verb:Building package 'scara_kinematics' with the following arguments: {'ament_cmake_args': None, 'build_base': '/home/sergio/ros2_ws/build/scara_kinematics', 'catkin_cmake_args': None, 'catkin_skip_building_tests': False, 'cmake_args': None, 'cmake_clean_cache': False, 'cmake_clean_first': False, 'cmake_force_configure': False, 'cmake_target': None, 'cmake_target_skip_unavailable': False, 'install_base': '/home/sergio/ros2_ws/install/scara_kinematics', 'merge_install': False, 'path': '/home/sergio/ros2_ws/src/scara_kinematics', 'symlink_install': False, 'test_result_base': None}
[-1790655660172671232.000s] INFO:colcon.colcon_core.executor:Executing jobs using 'parallel' executor
[-1790655660172671232.000s] DEBUG:colcon.colcon_parallel_executor.executor.parallel:run_until_complete
[-1790655660172671232.000s] INFO:colcon.colcon_ros.task.ament_python.build:Building ROS package in '/home/sergio/ros2_ws/src/scara_kinematics' with build type 'ament_python'
[-1790655660172671232.000s] Level 1:colcon.colcon_core.shell:create_environment_hook('scara_kinematics', 'ament_prefix_path')
[-1790655660172671232.000s] INFO:colcon.colcon_core.plugin_system:Skipping extension 'colcon_core.shell.bat': Not used on non-Windows systems
[-1790655660172671232.000s] INFO:colcon.colcon_core.shell:Creating environment hook '/home/sergio/ros2_ws/install/scara_kinematics/share/scara_kinematics/hook/ament_prefix_path.ps1'
[-1790655660172671232.000s] INFO:colcon.colcon_core.shell:Creating environment descriptor '/home/sergio/ros2_ws/install/scara_kinematics/share/scara_kinematics/hook/ament_prefix_path.dsv'
[-1790655660172671232.000s] INFO:colcon.colcon_core.shell:Creating environment hook '/home/sergio/ros2_ws/install/scara_kinematics/share/scara_kinematics/hook/ament_prefix_path.sh'
[-1790655660172671232.000s] INFO:colcon.colcon_core.shell:Skip shell extension 'powershell' for command environment: Not usable outside of PowerShell
[-1790655660172671232.000s] DEBUG:colcon.colcon_core.shell:Skip shell extension 'dsv' for command environment
[-1790655660172671232.000s] INFO:colcon.colcon_core.task.python.build:Building Python package in '/home/sergio/ros2_ws/src/scara_kinematics'
[-1790655660172671232.000s] INFO:colcon.colcon_core.shell:Skip shell extension 'powershell' for command environment: Not usable outside of PowerShell
[-1790655660172671232.000s] DEBUG:colcon.colcon_core.shell:Skip shell extension 'dsv' for command environment
[-1790655660172671232.000s] DEBUG:colcon.colcon_core.task.python.build:Available setuptools commands: build_scripts, develop, install_data, install_lib, alias, bdist_wheel, install_egg_info, update_catalog, build_py, easy_install, install, compile_catalog, rotate, bdist_egg, dist_info, build, build_ext, egg_info, sdist, install_headers, init_catalog, bdist_dumb, extract_messages, saveopts, bdist_rpm, editable_wheel, check, install_scripts, setopt, bdist, build_clib, clean, symlink_data
[-1790655660172671232.000s] DEBUG:colcon.colcon_core.event_handler.log_command:Invoking command in '/home/sergio/ros2_ws/src/scara_kinematics': DEBUGINFOD_URLS=https://debuginfod.ubuntu.com PYTHONPATH=/home/sergio/ros2_ws/build/scara_kinematics/prefix_override:/usr/lib/python3/dist-packages/colcon_core/task/python/colcon_distutils_commands:/home/sergio/ros2_ws/install/scara_kinematics/lib/python3.14/site-packages:${PYTHONPATH} /usr/bin/python3 -W ignore:setup.py install is deprecated -W ignore:easy_install command is deprecated setup.py egg_info --egg-base ../../build/scara_kinematics build --build-base /home/sergio/ros2_ws/build/scara_kinematics/build install --record /home/sergio/ros2_ws/build/scara_kinematics/install.log --install-scripts $base/lib/scara_kinematics --single-version-externally-managed install_data
[-1790655660172671232.000s] DEBUG:colcon.colcon_core.event_handler.log_command:Invoked command in '/home/sergio/ros2_ws/src/scara_kinematics' returned '0': DEBUGINFOD_URLS=https://debuginfod.ubuntu.com PYTHONPATH=/home/sergio/ros2_ws/build/scara_kinematics/prefix_override:/usr/lib/python3/dist-packages/colcon_core/task/python/colcon_distutils_commands:/home/sergio/ros2_ws/install/scara_kinematics/lib/python3.14/site-packages:${PYTHONPATH} /usr/bin/python3 -W ignore:setup.py install is deprecated -W ignore:easy_install command is deprecated setup.py egg_info --egg-base ../../build/scara_kinematics build --build-base /home/sergio/ros2_ws/build/scara_kinematics/build install --record /home/sergio/ros2_ws/build/scara_kinematics/install.log --install-scripts $base/lib/scara_kinematics --single-version-externally-managed install_data
[-1790655660172671232.000s] Level 1:colcon.colcon_core.environment:checking '/home/sergio/ros2_ws/install/scara_kinematics' for CMake module files
[-1790655660172671232.000s] Level 1:colcon.colcon_core.environment:checking '/home/sergio/ros2_ws/install/scara_kinematics' for CMake config files
[-1790655660172671232.000s] Level 1:colcon.colcon_core.environment:checking '/home/sergio/ros2_ws/install/scara_kinematics/lib'
[-1790655660172671232.000s] Level 1:colcon.colcon_core.environment:checking '/home/sergio/ros2_ws/install/scara_kinematics/bin'
[-1790655660172671232.000s] Level 1:colcon.colcon_core.environment:checking '/home/sergio/ros2_ws/install/scara_kinematics/lib/pkgconfig/scara_kinematics.pc'
[-1790655660172671232.000s] Level 1:colcon.colcon_core.environment:checking '/home/sergio/ros2_ws/install/scara_kinematics/lib/python3.14/site-packages'
[-1790655660172671232.000s] Level 1:colcon.colcon_core.shell:create_environment_hook('scara_kinematics', 'pythonpath')
[-1790655660172671232.000s] INFO:colcon.colcon_core.shell:Creating environment hook '/home/sergio/ros2_ws/install/scara_kinematics/share/scara_kinematics/hook/pythonpath.ps1'
[-1790655660172671232.000s] INFO:colcon.colcon_core.shell:Creating environment descriptor '/home/sergio/ros2_ws/install/scara_kinematics/share/scara_kinematics/hook/pythonpath.dsv'
[-1790655660172671232.000s] INFO:colcon.colcon_core.shell:Creating environment hook '/home/sergio/ros2_ws/install/scara_kinematics/share/scara_kinematics/hook/pythonpath.sh'
[-1790655660172671232.000s] Level 1:colcon.colcon_core.environment:checking '/home/sergio/ros2_ws/install/scara_kinematics/bin'
[-1790655660172671232.000s] Level 1:colcon.colcon_core.environment:create_environment_scripts_only(scara_kinematics)
[-1790655660172671232.000s] INFO:colcon.colcon_core.shell:Creating package script '/home/sergio/ros2_ws/install/scara_kinematics/share/scara_kinematics/package.ps1'
[-1790655660172671232.000s] INFO:colcon.colcon_core.shell:Creating package descriptor '/home/sergio/ros2_ws/install/scara_kinematics/share/scara_kinematics/package.dsv'
[-1790655660172671232.000s] INFO:colcon.colcon_core.shell:Creating package script '/home/sergio/ros2_ws/install/scara_kinematics/share/scara_kinematics/package.sh'
[-1790655660172671232.000s] INFO:colcon.colcon_core.shell:Creating package script '/home/sergio/ros2_ws/install/scara_kinematics/share/scara_kinematics/package.bash'
[-1790655660172671232.000s] INFO:colcon.colcon_core.shell:Creating package script '/home/sergio/ros2_ws/install/scara_kinematics/share/scara_kinematics/package.zsh'
[-1790655660172671232.000s] Level 1:colcon.colcon_core.environment:create_file_with_runtime_dependencies(/home/sergio/ros2_ws/install/scara_kinematics/share/colcon-core/packages/scara_kinematics)
[-1790655660172671232.000s] DEBUG:colcon.colcon_parallel_executor.executor.parallel:closing loop
[-1790655660172671232.000s] DEBUG:colcon.colcon_parallel_executor.executor.parallel:loop closed
[-1790655660172671232.000s] DEBUG:colcon.colcon_parallel_executor.executor.parallel:run_until_complete finished with '0'
[-1790655660172671232.000s] DEBUG:colcon.colcon_core.event_reactor:joining thread
[-1790655660172671232.000s] INFO:colcon.colcon_core.plugin_system:Skipping extension 'colcon_notification.desktop_notification.terminal_notifier': Not used on non-Darwin systems
[-1790655660172671232.000s] INFO:colcon.colcon_core.plugin_system:Skipping extension 'colcon_notification.desktop_notification.win32': Not used on non-Windows systems
[-1790655660172671232.000s] INFO:colcon.colcon_notification.desktop_notification:Sending desktop notification using 'notify2'
[-1790655660172671232.000s] DEBUG:colcon.colcon_core.event_reactor:joined thread
[-1790655660172671232.000s] INFO:colcon.colcon_core.shell:Creating prefix script '/home/sergio/ros2_ws/install/local_setup.ps1'
[-1790655660172671232.000s] INFO:colcon.colcon_core.shell:Creating prefix util module '/home/sergio/ros2_ws/install/_local_setup_util_ps1.py'
[-1790655660172671232.000s] INFO:colcon.colcon_core.shell:Creating prefix chain script '/home/sergio/ros2_ws/install/setup.ps1'
[-1790655660172671232.000s] INFO:colcon.colcon_core.shell:Creating prefix script '/home/sergio/ros2_ws/install/local_setup.sh'
[-1790655660172671232.000s] INFO:colcon.colcon_core.shell:Creating prefix util module '/home/sergio/ros2_ws/install/_local_setup_util_sh.py'
[-1790655660172671232.000s] INFO:colcon.colcon_core.shell:Creating prefix chain script '/home/sergio/ros2_ws/install/setup.sh'
[-1790655660172671232.000s] INFO:colcon.colcon_core.shell:Creating prefix script '/home/sergio/ros2_ws/install/local_setup.bash'
[-1790655660172671232.000s] INFO:colcon.colcon_core.shell:Creating prefix chain script '/home/sergio/ros2_ws/install/setup.bash'
[-1790655660172671232.000s] INFO:colcon.colcon_core.shell:Creating prefix script '/home/sergio/ros2_ws/install/local_setup.zsh'
[-1790655660172671232.000s] INFO:colcon.colcon_core.shell:Creating prefix chain script '/home/sergio/ros2_ws/install/setup.zsh'
