[1.425s] Invoking command in '/home/sergio/ros2_ws/src/scara_kinematics': DEBUGINFOD_URLS=https://debuginfod.ubuntu.com PYTHONPATH=/home/sergio/ros2_ws/build/scara_kinematics/prefix_override:/usr/lib/python3/dist-packages/colcon_core/task/python/colcon_distutils_commands:/home/sergio/ros2_ws/install/scara_kinematics/lib/python3.14/site-packages:${PYTHONPATH} /usr/bin/python3 -W ignore:setup.py install is deprecated -W ignore:easy_install command is deprecated setup.py egg_info --egg-base ../../build/scara_kinematics build --build-base /home/sergio/ros2_ws/build/scara_kinematics/build install --record /home/sergio/ros2_ws/build/scara_kinematics/install.log --install-scripts $base/lib/scara_kinematics --single-version-externally-managed install_data
[2.017s] running egg_info
[2.053s] writing ../../build/scara_kinematics/scara_kinematics.egg-info/PKG-INFO
[2.054s] writing dependency_links to ../../build/scara_kinematics/scara_kinematics.egg-info/dependency_links.txt
[2.054s] writing entry points to ../../build/scara_kinematics/scara_kinematics.egg-info/entry_points.txt
[2.055s] writing requirements to ../../build/scara_kinematics/scara_kinematics.egg-info/requires.txt
[2.055s] writing top-level names to ../../build/scara_kinematics/scara_kinematics.egg-info/top_level.txt
[2.133s] reading manifest file '../../build/scara_kinematics/scara_kinematics.egg-info/SOURCES.txt'
[2.135s] writing manifest file '../../build/scara_kinematics/scara_kinematics.egg-info/SOURCES.txt'
[2.136s] running build
[2.136s] running build_py
[2.136s] copying scara_kinematics/esp.py -> /home/sergio/ros2_ws/build/scara_kinematics/build/lib/scara_kinematics
[2.137s] copying scara_kinematics/protocolo.py -> /home/sergio/ros2_ws/build/scara_kinematics/build/lib/scara_kinematics
[2.137s] copying scara_kinematics/tray_gui.py -> /home/sergio/ros2_ws/build/scara_kinematics/build/lib/scara_kinematics
[2.137s] copying scara_kinematics/urdf_fk.py -> /home/sergio/ros2_ws/build/scara_kinematics/build/lib/scara_kinematics
[2.137s] copying scara_kinematics/estilo.py -> /home/sergio/ros2_ws/build/scara_kinematics/build/lib/scara_kinematics
[2.138s] copying scara_kinematics/tray.py -> /home/sergio/ros2_ws/build/scara_kinematics/build/lib/scara_kinematics
[2.138s] copying scara_kinematics/model.py -> /home/sergio/ros2_ws/build/scara_kinematics/build/lib/scara_kinematics
[2.138s] copying scara_kinematics/trayectoria.py -> /home/sergio/ros2_ws/build/scara_kinematics/build/lib/scara_kinematics
[2.139s] copying scara_kinematics/esp_rec.py -> /home/sergio/ros2_ws/build/scara_kinematics/build/lib/scara_kinematics
[2.142s] copying scara_kinematics/teodoro.py -> /home/sergio/ros2_ws/build/scara_kinematics/build/lib/scara_kinematics
[2.142s] copying scara_kinematics/__init__.py -> /home/sergio/ros2_ws/build/scara_kinematics/build/lib/scara_kinematics
[2.142s] copying scara_kinematics/brazo_hw.py -> /home/sergio/ros2_ws/build/scara_kinematics/build/lib/scara_kinematics
[2.142s] copying scara_kinematics/alvin.py -> /home/sergio/ros2_ws/build/scara_kinematics/build/lib/scara_kinematics
[2.142s] copying scara_kinematics/auditor.py -> /home/sergio/ros2_ws/build/scara_kinematics/build/lib/scara_kinematics
[2.142s] copying scara_kinematics/simon.py -> /home/sergio/ros2_ws/build/scara_kinematics/build/lib/scara_kinematics
[2.142s] copying scara_kinematics/cc.py -> /home/sergio/ros2_ws/build/scara_kinematics/build/lib/scara_kinematics
[2.142s] running install
[2.149s] running install_lib
[2.185s] copying /home/sergio/ros2_ws/build/scara_kinematics/build/lib/scara_kinematics/esp.py -> /home/sergio/ros2_ws/install/scara_kinematics/lib/python3.14/site-packages/scara_kinematics
[2.186s] byte-compiling /home/sergio/ros2_ws/install/scara_kinematics/lib/python3.14/site-packages/scara_kinematics/esp.py to esp.cpython-314.pyc
[2.192s] running install_data
[2.193s] copying resource/scara_kinematics -> /home/sergio/ros2_ws/install/scara_kinematics/share/ament_index/resource_index/packages
[2.193s] copying package.xml -> /home/sergio/ros2_ws/install/scara_kinematics/share/scara_kinematics
[2.193s] copying launch/rviz.launch.py -> /home/sergio/ros2_ws/install/scara_kinematics/share/scara_kinematics/launch
[2.194s] copying launch/trayectoria.launch.py -> /home/sergio/ros2_ws/install/scara_kinematics/share/scara_kinematics/launch
[2.194s] copying launch/brazo.launch.py -> /home/sergio/ros2_ws/install/scara_kinematics/share/scara_kinematics/launch
[2.194s] copying launch/tray_gui.launch.py -> /home/sergio/ros2_ws/install/scara_kinematics/share/scara_kinematics/launch
[2.195s] copying launch/gazebo.launch.py -> /home/sergio/ros2_ws/install/scara_kinematics/share/scara_kinematics/launch
[2.195s] copying launch/auditar.launch.py -> /home/sergio/ros2_ws/install/scara_kinematics/share/scara_kinematics/launch
[2.195s] copying config/scara_urdf3.yaml -> /home/sergio/ros2_ws/install/scara_kinematics/share/scara_kinematics/config
[2.196s] copying config/scara_urdf.yaml -> /home/sergio/ros2_ws/install/scara_kinematics/share/scara_kinematics/config
[2.196s] copying rviz/scara.rviz -> /home/sergio/ros2_ws/install/scara_kinematics/share/scara_kinematics/rviz
[2.197s] copying firmware/scara_esp32/scara_esp32.ino -> /home/sergio/ros2_ws/install/scara_kinematics/share/scara_kinematics/firmware/scara_esp32
[2.197s] copying firmware/scara_esp32/scara_esp32.ino.bak4gdl -> /home/sergio/ros2_ws/install/scara_kinematics/share/scara_kinematics/firmware/scara_esp32
[2.197s] running install_egg_info
[2.233s] removing '/home/sergio/ros2_ws/install/scara_kinematics/lib/python3.14/site-packages/scara_kinematics-1.0.0-py3.14.egg-info' (and everything under it)
[2.233s] Copying ../../build/scara_kinematics/scara_kinematics.egg-info to /home/sergio/ros2_ws/install/scara_kinematics/lib/python3.14/site-packages/scara_kinematics-1.0.0-py3.14.egg-info
[2.235s] running install_scripts
[2.425s] Installing alvin script to /home/sergio/ros2_ws/install/scara_kinematics/lib/scara_kinematics
[2.425s] Installing auditor script to /home/sergio/ros2_ws/install/scara_kinematics/lib/scara_kinematics
[2.426s] Installing brazo_hw script to /home/sergio/ros2_ws/install/scara_kinematics/lib/scara_kinematics
[2.426s] Installing cc script to /home/sergio/ros2_ws/install/scara_kinematics/lib/scara_kinematics
[2.427s] Installing esp script to /home/sergio/ros2_ws/install/scara_kinematics/lib/scara_kinematics
[2.427s] Installing esp_rec script to /home/sergio/ros2_ws/install/scara_kinematics/lib/scara_kinematics
[2.427s] Installing simon script to /home/sergio/ros2_ws/install/scara_kinematics/lib/scara_kinematics
[2.427s] Installing teodoro script to /home/sergio/ros2_ws/install/scara_kinematics/lib/scara_kinematics
[2.428s] Installing tray script to /home/sergio/ros2_ws/install/scara_kinematics/lib/scara_kinematics
[2.428s] Installing tray_gui script to /home/sergio/ros2_ws/install/scara_kinematics/lib/scara_kinematics
[2.429s] writing list of installed files to '/home/sergio/ros2_ws/build/scara_kinematics/install.log'
[2.491s] Invoked command in '/home/sergio/ros2_ws/src/scara_kinematics' returned '0': DEBUGINFOD_URLS=https://debuginfod.ubuntu.com PYTHONPATH=/home/sergio/ros2_ws/build/scara_kinematics/prefix_override:/usr/lib/python3/dist-packages/colcon_core/task/python/colcon_distutils_commands:/home/sergio/ros2_ws/install/scara_kinematics/lib/python3.14/site-packages:${PYTHONPATH} /usr/bin/python3 -W ignore:setup.py install is deprecated -W ignore:easy_install command is deprecated setup.py egg_info --egg-base ../../build/scara_kinematics build --build-base /home/sergio/ros2_ws/build/scara_kinematics/build install --record /home/sergio/ros2_ws/build/scara_kinematics/install.log --install-scripts $base/lib/scara_kinematics --single-version-externally-managed install_data
