/home/sergio/ros2_ws/install/scara_kinematics/lib/python3.14/site-packages/scara_kinematics/esp.py
/home/sergio/ros2_ws/install/scara_kinematics/lib/python3.14/site-packages/scara_kinematics/protocolo.py
/home/sergio/ros2_ws/install/scara_kinematics/lib/python3.14/site-packages/scara_kinematics/tray_gui.py
/home/sergio/ros2_ws/install/scara_kinematics/lib/python3.14/site-packages/scara_kinematics/urdf_fk.py
/home/sergio/ros2_ws/install/scara_kinematics/lib/python3.14/site-packages/scara_kinematics/estilo.py
/home/sergio/ros2_ws/install/scara_kinematics/lib/python3.14/site-packages/scara_kinematics/tray.py
/home/sergio/ros2_ws/install/scara_kinematics/lib/python3.14/site-packages/scara_kinematics/ruta.py
/home/sergio/ros2_ws/install/scara_kinematics/lib/python3.14/site-packages/scara_kinematics/model.py
/home/sergio/ros2_ws/install/scara_kinematics/lib/python3.14/site-packages/scara_kinematics/trayectoria.py
/home/sergio/ros2_ws/install/scara_kinematics/lib/python3.14/site-packages/scara_kinematics/esp_rec.py
/home/sergio/ros2_ws/install/scara_kinematics/lib/python3.14/site-packages/scara_kinematics/teodoro.py
/home/sergio/ros2_ws/install/scara_kinematics/lib/python3.14/site-packages/scara_kinematics/ruta_nodo.py
/home/sergio/ros2_ws/install/scara_kinematics/lib/python3.14/site-packages/scara_kinematics/__init__.py
/home/sergio/ros2_ws/install/scara_kinematics/lib/python3.14/site-packages/scara_kinematics/brazo_hw.py
/home/sergio/ros2_ws/install/scara_kinematics/lib/python3.14/site-packages/scara_kinematics/alvin.py
/home/sergio/ros2_ws/install/scara_kinematics/lib/python3.14/site-packages/scara_kinematics/auditor.py
/home/sergio/ros2_ws/install/scara_kinematics/lib/python3.14/site-packages/scara_kinematics/simon.py
/home/sergio/ros2_ws/install/scara_kinematics/lib/python3.14/site-packages/scara_kinematics/cc.py
/home/sergio/ros2_ws/install/scara_kinematics/lib/python3.14/site-packages/scara_kinematics/__pycache__/esp.cpython-314.pyc
/home/sergio/ros2_ws/install/scara_kinematics/lib/python3.14/site-packages/scara_kinematics/__pycache__/protocolo.cpython-314.pyc
/home/sergio/ros2_ws/install/scara_kinematics/lib/python3.14/site-packages/scara_kinematics/__pycache__/tray_gui.cpython-314.pyc
/home/sergio/ros2_ws/install/scara_kinematics/lib/python3.14/site-packages/scara_kinematics/__pycache__/urdf_fk.cpython-314.pyc
/home/sergio/ros2_ws/install/scara_kinematics/lib/python3.14/site-packages/scara_kinematics/__pycache__/estilo.cpython-314.pyc
/home/sergio/ros2_ws/install/scara_kinematics/lib/python3.14/site-packages/scara_kinematics/__pycache__/tray.cpython-314.pyc
/home/sergio/ros2_ws/install/scara_kinematics/lib/python3.14/site-packages/scara_kinematics/__pycache__/ruta.cpython-314.pyc
/home/sergio/ros2_ws/install/scara_kinematics/lib/python3.14/site-packages/scara_kinematics/__pycache__/model.cpython-314.pyc
/home/sergio/ros2_ws/install/scara_kinematics/lib/python3.14/site-packages/scara_kinematics/__pycache__/trayectoria.cpython-314.pyc
/home/sergio/ros2_ws/install/scara_kinematics/lib/python3.14/site-packages/scara_kinematics/__pycache__/esp_rec.cpython-314.pyc
/home/sergio/ros2_ws/install/scara_kinematics/lib/python3.14/site-packages/scara_kinematics/__pycache__/teodoro.cpython-314.pyc
/home/sergio/ros2_ws/install/scara_kinematics/lib/python3.14/site-packages/scara_kinematics/__pycache__/ruta_nodo.cpython-314.pyc
/home/sergio/ros2_ws/install/scara_kinematics/lib/python3.14/site-packages/scara_kinematics/__pycache__/__init__.cpython-314.pyc
/home/sergio/ros2_ws/install/scara_kinematics/lib/python3.14/site-packages/scara_kinematics/__pycache__/brazo_hw.cpython-314.pyc
/home/sergio/ros2_ws/install/scara_kinematics/lib/python3.14/site-packages/scara_kinematics/__pycache__/alvin.cpython-314.pyc
/home/sergio/ros2_ws/install/scara_kinematics/lib/python3.14/site-packages/scara_kinematics/__pycache__/auditor.cpython-314.pyc
/home/sergio/ros2_ws/install/scara_kinematics/lib/python3.14/site-packages/scara_kinematics/__pycache__/simon.cpython-314.pyc
/home/sergio/ros2_ws/install/scara_kinematics/lib/python3.14/site-packages/scara_kinematics/__pycache__/cc.cpython-314.pyc
/home/sergio/ros2_ws/install/scara_kinematics/share/ament_index/resource_index/packages/scara_kinematics
/home/sergio/ros2_ws/install/scara_kinematics/share/scara_kinematics/package.xml
/home/sergio/ros2_ws/install/scara_kinematics/share/scara_kinematics/launch/rviz.launch.py
/home/sergio/ros2_ws/install/scara_kinematics/share/scara_kinematics/launch/trayectoria.launch.py
/home/sergio/ros2_ws/install/scara_kinematics/share/scara_kinematics/launch/brazo.launch.py
/home/sergio/ros2_ws/install/scara_kinematics/share/scara_kinematics/launch/tray_gui.launch.py
/home/sergio/ros2_ws/install/scara_kinematics/share/scara_kinematics/launch/gazebo.launch.py
/home/sergio/ros2_ws/install/scara_kinematics/share/scara_kinematics/launch/auditar.launch.py
/home/sergio/ros2_ws/install/scara_kinematics/share/scara_kinematics/launch/ruta.launch.py
/home/sergio/ros2_ws/install/scara_kinematics/share/scara_kinematics/config/scara_urdf3.yaml
/home/sergio/ros2_ws/install/scara_kinematics/share/scara_kinematics/config/scara_urdf.yaml
/home/sergio/ros2_ws/install/scara_kinematics/share/scara_kinematics/rviz/scara.rviz
/home/sergio/ros2_ws/install/scara_kinematics/share/scara_kinematics/firmware/scara_esp32/scara_esp32.ino
/home/sergio/ros2_ws/install/scara_kinematics/share/scara_kinematics/firmware/scara_esp32/scara_esp32.ino.bak4gdl
/home/sergio/ros2_ws/install/scara_kinematics/lib/python3.14/site-packages/scara_kinematics-1.0.0-py3.14.egg-info/entry_points.txt
/home/sergio/ros2_ws/install/scara_kinematics/lib/python3.14/site-packages/scara_kinematics-1.0.0-py3.14.egg-info/zip-safe
/home/sergio/ros2_ws/install/scara_kinematics/lib/python3.14/site-packages/scara_kinematics-1.0.0-py3.14.egg-info/requires.txt
/home/sergio/ros2_ws/install/scara_kinematics/lib/python3.14/site-packages/scara_kinematics-1.0.0-py3.14.egg-info/PKG-INFO
/home/sergio/ros2_ws/install/scara_kinematics/lib/python3.14/site-packages/scara_kinematics-1.0.0-py3.14.egg-info/top_level.txt
/home/sergio/ros2_ws/install/scara_kinematics/lib/python3.14/site-packages/scara_kinematics-1.0.0-py3.14.egg-info/SOURCES.txt
/home/sergio/ros2_ws/install/scara_kinematics/lib/python3.14/site-packages/scara_kinematics-1.0.0-py3.14.egg-info/dependency_links.txt
/home/sergio/ros2_ws/install/scara_kinematics/lib/scara_kinematics/alvin
/home/sergio/ros2_ws/install/scara_kinematics/lib/scara_kinematics/auditor
/home/sergio/ros2_ws/install/scara_kinematics/lib/scara_kinematics/brazo_hw
/home/sergio/ros2_ws/install/scara_kinematics/lib/scara_kinematics/cc
/home/sergio/ros2_ws/install/scara_kinematics/lib/scara_kinematics/esp
/home/sergio/ros2_ws/install/scara_kinematics/lib/scara_kinematics/esp_rec
/home/sergio/ros2_ws/install/scara_kinematics/lib/scara_kinematics/ruta
/home/sergio/ros2_ws/install/scara_kinematics/lib/scara_kinematics/ruta_nodo
/home/sergio/ros2_ws/install/scara_kinematics/lib/scara_kinematics/simon
/home/sergio/ros2_ws/install/scara_kinematics/lib/scara_kinematics/teodoro
/home/sergio/ros2_ws/install/scara_kinematics/lib/scara_kinematics/tray
/home/sergio/ros2_ws/install/scara_kinematics/lib/scara_kinematics/tray_gui
