[2.922s] Invoking command in '/home/sergio/ros2_ws/src/scara_kinematics': DEBUGINFOD_URLS=https://debuginfod.ubuntu.com PYTHONPATH=/home/sergio/ros2_ws/build/scara_kinematics/prefix_override:/usr/lib/python3/dist-packages/colcon_core/task/python/colcon_distutils_commands:/home/sergio/ros2_ws/install/scara_kinematics/lib/python3.14/site-packages:${PYTHONPATH} /usr/bin/python3 -W ignore:setup.py install is deprecated -W ignore:easy_install command is deprecated setup.py egg_info --egg-base ../../build/scara_kinematics build --build-base /home/sergio/ros2_ws/build/scara_kinematics/build install --record /home/sergio/ros2_ws/build/scara_kinematics/install.log --install-scripts $base/lib/scara_kinematics --single-version-externally-managed install_data
[4.038s] running egg_info
[4.104s] writing ../../build/scara_kinematics/scara_kinematics.egg-info/PKG-INFO
[4.105s] writing dependency_links to ../../build/scara_kinematics/scara_kinematics.egg-info/dependency_links.txt
[4.105s] writing entry points to ../../build/scara_kinematics/scara_kinematics.egg-info/entry_points.txt
[4.107s] writing requirements to ../../build/scara_kinematics/scara_kinematics.egg-info/requires.txt
[4.107s] writing top-level names to ../../build/scara_kinematics/scara_kinematics.egg-info/top_level.txt
[4.259s] reading manifest file '../../build/scara_kinematics/scara_kinematics.egg-info/SOURCES.txt'
[4.264s] writing manifest file '../../build/scara_kinematics/scara_kinematics.egg-info/SOURCES.txt'
[4.264s] running build
[4.264s] running build_py
[4.265s] copying scara_kinematics/esp.py -> /home/sergio/ros2_ws/build/scara_kinematics/build/lib/scara_kinematics
[4.267s] copying scara_kinematics/protocolo.py -> /home/sergio/ros2_ws/build/scara_kinematics/build/lib/scara_kinematics
[4.268s] copying scara_kinematics/motor.py -> /home/sergio/ros2_ws/build/scara_kinematics/build/lib/scara_kinematics
[4.269s] copying scara_kinematics/tray_gui.py -> /home/sergio/ros2_ws/build/scara_kinematics/build/lib/scara_kinematics
[4.270s] copying scara_kinematics/urdf_fk.py -> /home/sergio/ros2_ws/build/scara_kinematics/build/lib/scara_kinematics
[4.271s] copying scara_kinematics/estilo.py -> /home/sergio/ros2_ws/build/scara_kinematics/build/lib/scara_kinematics
[4.272s] copying scara_kinematics/tray.py -> /home/sergio/ros2_ws/build/scara_kinematics/build/lib/scara_kinematics
[4.273s] copying scara_kinematics/model.py -> /home/sergio/ros2_ws/build/scara_kinematics/build/lib/scara_kinematics
[4.274s] copying scara_kinematics/trayectoria.py -> /home/sergio/ros2_ws/build/scara_kinematics/build/lib/scara_kinematics
[4.275s] copying scara_kinematics/esp_rec.py -> /home/sergio/ros2_ws/build/scara_kinematics/build/lib/scara_kinematics
[4.276s] copying scara_kinematics/teodoro.py -> /home/sergio/ros2_ws/build/scara_kinematics/build/lib/scara_kinematics
[4.277s] copying scara_kinematics/__init__.py -> /home/sergio/ros2_ws/build/scara_kinematics/build/lib/scara_kinematics
[4.278s] copying scara_kinematics/brazo_hw.py -> /home/sergio/ros2_ws/build/scara_kinematics/build/lib/scara_kinematics
[4.279s] copying scara_kinematics/alvin.py -> /home/sergio/ros2_ws/build/scara_kinematics/build/lib/scara_kinematics
[4.280s] copying scara_kinematics/auditor.py -> /home/sergio/ros2_ws/build/scara_kinematics/build/lib/scara_kinematics
[4.281s] copying scara_kinematics/simon.py -> /home/sergio/ros2_ws/build/scara_kinematics/build/lib/scara_kinematics
[4.283s] copying scara_kinematics/cc.py -> /home/sergio/ros2_ws/build/scara_kinematics/build/lib/scara_kinematics
[4.284s] running install
[4.302s] running install_lib
[4.374s] copying /home/sergio/ros2_ws/build/scara_kinematics/build/lib/scara_kinematics/tray_gui.py -> /home/sergio/ros2_ws/install/scara_kinematics/lib/python3.14/site-packages/scara_kinematics
[4.377s] byte-compiling /home/sergio/ros2_ws/install/scara_kinematics/lib/python3.14/site-packages/scara_kinematics/tray_gui.py to tray_gui.cpython-314.pyc
[4.419s] running install_data
[4.420s] copying resource/scara_kinematics -> /home/sergio/ros2_ws/install/scara_kinematics/share/ament_index/resource_index/packages
[4.422s] copying package.xml -> /home/sergio/ros2_ws/install/scara_kinematics/share/scara_kinematics
[4.423s] copying launch/rviz.launch.py -> /home/sergio/ros2_ws/install/scara_kinematics/share/scara_kinematics/launch
[4.424s] copying launch/trayectoria.launch.py -> /home/sergio/ros2_ws/install/scara_kinematics/share/scara_kinematics/launch
[4.426s] copying launch/brazo.launch.py -> /home/sergio/ros2_ws/install/scara_kinematics/share/scara_kinematics/launch
[4.426s] copying launch/tray_gui.launch.py -> /home/sergio/ros2_ws/install/scara_kinematics/share/scara_kinematics/launch
[4.428s] copying launch/gazebo.launch.py -> /home/sergio/ros2_ws/install/scara_kinematics/share/scara_kinematics/launch
[4.428s] copying launch/auditar.launch.py -> /home/sergio/ros2_ws/install/scara_kinematics/share/scara_kinematics/launch
[4.428s] copying config/scara_urdf3.yaml -> /home/sergio/ros2_ws/install/scara_kinematics/share/scara_kinematics/config
[4.429s] copying config/scara_urdf.yaml -> /home/sergio/ros2_ws/install/scara_kinematics/share/scara_kinematics/config
[4.430s] copying rviz/scara.rviz -> /home/sergio/ros2_ws/install/scara_kinematics/share/scara_kinematics/rviz
[4.431s] copying firmware/scara_esp32/scara_esp32.ino -> /home/sergio/ros2_ws/install/scara_kinematics/share/scara_kinematics/firmware/scara_esp32
[4.433s] copying firmware/scara_esp32/scara_esp32.ino.bak4gdl -> /home/sergio/ros2_ws/install/scara_kinematics/share/scara_kinematics/firmware/scara_esp32
[4.433s] running install_egg_info
[4.506s] removing '/home/sergio/ros2_ws/install/scara_kinematics/lib/python3.14/site-packages/scara_kinematics-1.0.0-py3.14.egg-info' (and everything under it)
[4.506s] Copying ../../build/scara_kinematics/scara_kinematics.egg-info to /home/sergio/ros2_ws/install/scara_kinematics/lib/python3.14/site-packages/scara_kinematics-1.0.0-py3.14.egg-info
[4.509s] running install_scripts
[4.892s] Installing alvin script to /home/sergio/ros2_ws/install/scara_kinematics/lib/scara_kinematics
[4.893s] Installing auditor script to /home/sergio/ros2_ws/install/scara_kinematics/lib/scara_kinematics
[4.894s] Installing brazo_hw script to /home/sergio/ros2_ws/install/scara_kinematics/lib/scara_kinematics
[4.895s] Installing cc script to /home/sergio/ros2_ws/install/scara_kinematics/lib/scara_kinematics
[4.896s] Installing esp script to /home/sergio/ros2_ws/install/scara_kinematics/lib/scara_kinematics
[4.897s] Installing esp_rec script to /home/sergio/ros2_ws/install/scara_kinematics/lib/scara_kinematics
[4.898s] Installing simon script to /home/sergio/ros2_ws/install/scara_kinematics/lib/scara_kinematics
[4.899s] Installing teodoro script to /home/sergio/ros2_ws/install/scara_kinematics/lib/scara_kinematics
[4.900s] Installing tray script to /home/sergio/ros2_ws/install/scara_kinematics/lib/scara_kinematics
[4.900s] Installing tray_gui script to /home/sergio/ros2_ws/install/scara_kinematics/lib/scara_kinematics
[4.904s] writing list of installed files to '/home/sergio/ros2_ws/build/scara_kinematics/install.log'
[4.992s] Invoked command in '/home/sergio/ros2_ws/src/scara_kinematics' returned '0': DEBUGINFOD_URLS=https://debuginfod.ubuntu.com PYTHONPATH=/home/sergio/ros2_ws/build/scara_kinematics/prefix_override:/usr/lib/python3/dist-packages/colcon_core/task/python/colcon_distutils_commands:/home/sergio/ros2_ws/install/scara_kinematics/lib/python3.14/site-packages:${PYTHONPATH} /usr/bin/python3 -W ignore:setup.py install is deprecated -W ignore:easy_install command is deprecated setup.py egg_info --egg-base ../../build/scara_kinematics build --build-base /home/sergio/ros2_ws/build/scara_kinematics/build install --record /home/sergio/ros2_ws/build/scara_kinematics/install.log --install-scripts $base/lib/scara_kinematics --single-version-externally-managed install_data
