[3.216s] Invoking command in '/home/sergio/ros2_ws/src/scara_kinematics': DEBUGINFOD_URLS=https://debuginfod.ubuntu.com PYTHONPATH=/home/sergio/ros2_ws/build/scara_kinematics/prefix_override:/usr/lib/python3/dist-packages/colcon_core/task/python/colcon_distutils_commands:/home/sergio/ros2_ws/install/scara_kinematics/lib/python3.14/site-packages:${PYTHONPATH} /usr/bin/python3 -W ignore:setup.py install is deprecated -W ignore:easy_install command is deprecated setup.py egg_info --egg-base ../../build/scara_kinematics build --build-base /home/sergio/ros2_ws/build/scara_kinematics/build install --record /home/sergio/ros2_ws/build/scara_kinematics/install.log --install-scripts $base/lib/scara_kinematics --single-version-externally-managed install_data
[4.341s] running egg_info
[4.413s] writing ../../build/scara_kinematics/scara_kinematics.egg-info/PKG-INFO
[4.415s] writing dependency_links to ../../build/scara_kinematics/scara_kinematics.egg-info/dependency_links.txt
[4.416s] writing entry points to ../../build/scara_kinematics/scara_kinematics.egg-info/entry_points.txt
[4.417s] writing requirements to ../../build/scara_kinematics/scara_kinematics.egg-info/requires.txt
[4.419s] writing top-level names to ../../build/scara_kinematics/scara_kinematics.egg-info/top_level.txt
[4.612s] reading manifest file '../../build/scara_kinematics/scara_kinematics.egg-info/SOURCES.txt'
[4.616s] writing manifest file '../../build/scara_kinematics/scara_kinematics.egg-info/SOURCES.txt'
[4.616s] running build
[4.617s] running build_py
[4.617s] copying scara_kinematics/esp.py -> /home/sergio/ros2_ws/build/scara_kinematics/build/lib/scara_kinematics
[4.619s] copying scara_kinematics/protocolo.py -> /home/sergio/ros2_ws/build/scara_kinematics/build/lib/scara_kinematics
[4.620s] copying scara_kinematics/motor.py -> /home/sergio/ros2_ws/build/scara_kinematics/build/lib/scara_kinematics
[4.622s] copying scara_kinematics/tray_gui.py -> /home/sergio/ros2_ws/build/scara_kinematics/build/lib/scara_kinematics
[4.623s] copying scara_kinematics/urdf_fk.py -> /home/sergio/ros2_ws/build/scara_kinematics/build/lib/scara_kinematics
[4.624s] copying scara_kinematics/estilo.py -> /home/sergio/ros2_ws/build/scara_kinematics/build/lib/scara_kinematics
[4.625s] copying scara_kinematics/tray.py -> /home/sergio/ros2_ws/build/scara_kinematics/build/lib/scara_kinematics
[4.626s] copying scara_kinematics/model.py -> /home/sergio/ros2_ws/build/scara_kinematics/build/lib/scara_kinematics
[4.626s] copying scara_kinematics/trayectoria.py -> /home/sergio/ros2_ws/build/scara_kinematics/build/lib/scara_kinematics
[4.628s] copying scara_kinematics/esp_rec.py -> /home/sergio/ros2_ws/build/scara_kinematics/build/lib/scara_kinematics
[4.630s] copying scara_kinematics/teodoro.py -> /home/sergio/ros2_ws/build/scara_kinematics/build/lib/scara_kinematics
[4.630s] copying scara_kinematics/__init__.py -> /home/sergio/ros2_ws/build/scara_kinematics/build/lib/scara_kinematics
[4.631s] copying scara_kinematics/brazo_hw.py -> /home/sergio/ros2_ws/build/scara_kinematics/build/lib/scara_kinematics
[4.632s] copying scara_kinematics/alvin.py -> /home/sergio/ros2_ws/build/scara_kinematics/build/lib/scara_kinematics
[4.632s] copying scara_kinematics/auditor.py -> /home/sergio/ros2_ws/build/scara_kinematics/build/lib/scara_kinematics
[4.634s] copying scara_kinematics/simon.py -> /home/sergio/ros2_ws/build/scara_kinematics/build/lib/scara_kinematics
[4.635s] copying scara_kinematics/cc.py -> /home/sergio/ros2_ws/build/scara_kinematics/build/lib/scara_kinematics
[4.637s] running install
[4.655s] running install_lib
[4.732s] copying /home/sergio/ros2_ws/build/scara_kinematics/build/lib/scara_kinematics/tray_gui.py -> /home/sergio/ros2_ws/install/scara_kinematics/lib/python3.14/site-packages/scara_kinematics
[4.734s] byte-compiling /home/sergio/ros2_ws/install/scara_kinematics/lib/python3.14/site-packages/scara_kinematics/tray_gui.py to tray_gui.cpython-314.pyc
[4.779s] running install_data
[4.781s] copying resource/scara_kinematics -> /home/sergio/ros2_ws/install/scara_kinematics/share/ament_index/resource_index/packages
[4.783s] copying package.xml -> /home/sergio/ros2_ws/install/scara_kinematics/share/scara_kinematics
[4.785s] copying launch/rviz.launch.py -> /home/sergio/ros2_ws/install/scara_kinematics/share/scara_kinematics/launch
[4.787s] copying launch/trayectoria.launch.py -> /home/sergio/ros2_ws/install/scara_kinematics/share/scara_kinematics/launch
[4.788s] copying launch/brazo.launch.py -> /home/sergio/ros2_ws/install/scara_kinematics/share/scara_kinematics/launch
[4.788s] copying launch/tray_gui.launch.py -> /home/sergio/ros2_ws/install/scara_kinematics/share/scara_kinematics/launch
[4.788s] copying launch/gazebo.launch.py -> /home/sergio/ros2_ws/install/scara_kinematics/share/scara_kinematics/launch
[4.789s] copying launch/auditar.launch.py -> /home/sergio/ros2_ws/install/scara_kinematics/share/scara_kinematics/launch
[4.790s] copying config/scara_urdf3.yaml -> /home/sergio/ros2_ws/install/scara_kinematics/share/scara_kinematics/config
[4.790s] copying config/scara_urdf.yaml -> /home/sergio/ros2_ws/install/scara_kinematics/share/scara_kinematics/config
[4.791s] copying rviz/scara.rviz -> /home/sergio/ros2_ws/install/scara_kinematics/share/scara_kinematics/rviz
[4.792s] copying firmware/scara_esp32/scara_esp32.ino -> /home/sergio/ros2_ws/install/scara_kinematics/share/scara_kinematics/firmware/scara_esp32
[4.793s] copying firmware/scara_esp32/scara_esp32.ino.bak4gdl -> /home/sergio/ros2_ws/install/scara_kinematics/share/scara_kinematics/firmware/scara_esp32
[4.794s] running install_egg_info
[4.873s] removing '/home/sergio/ros2_ws/install/scara_kinematics/lib/python3.14/site-packages/scara_kinematics-1.0.0-py3.14.egg-info' (and everything under it)
[4.875s] Copying ../../build/scara_kinematics/scara_kinematics.egg-info to /home/sergio/ros2_ws/install/scara_kinematics/lib/python3.14/site-packages/scara_kinematics-1.0.0-py3.14.egg-info
[4.877s] running install_scripts
[5.277s] Installing alvin script to /home/sergio/ros2_ws/install/scara_kinematics/lib/scara_kinematics
[5.277s] Installing auditor script to /home/sergio/ros2_ws/install/scara_kinematics/lib/scara_kinematics
[5.277s] Installing brazo_hw script to /home/sergio/ros2_ws/install/scara_kinematics/lib/scara_kinematics
[5.278s] Installing cc script to /home/sergio/ros2_ws/install/scara_kinematics/lib/scara_kinematics
[5.281s] Installing esp script to /home/sergio/ros2_ws/install/scara_kinematics/lib/scara_kinematics
[5.281s] Installing esp_rec script to /home/sergio/ros2_ws/install/scara_kinematics/lib/scara_kinematics
[5.282s] Installing simon script to /home/sergio/ros2_ws/install/scara_kinematics/lib/scara_kinematics
[5.286s] Installing teodoro script to /home/sergio/ros2_ws/install/scara_kinematics/lib/scara_kinematics
[5.286s] Installing tray script to /home/sergio/ros2_ws/install/scara_kinematics/lib/scara_kinematics
[5.286s] Installing tray_gui script to /home/sergio/ros2_ws/install/scara_kinematics/lib/scara_kinematics
[5.286s] writing list of installed files to '/home/sergio/ros2_ws/build/scara_kinematics/install.log'
[5.377s] Invoked command in '/home/sergio/ros2_ws/src/scara_kinematics' returned '0': DEBUGINFOD_URLS=https://debuginfod.ubuntu.com PYTHONPATH=/home/sergio/ros2_ws/build/scara_kinematics/prefix_override:/usr/lib/python3/dist-packages/colcon_core/task/python/colcon_distutils_commands:/home/sergio/ros2_ws/install/scara_kinematics/lib/python3.14/site-packages:${PYTHONPATH} /usr/bin/python3 -W ignore:setup.py install is deprecated -W ignore:easy_install command is deprecated setup.py egg_info --egg-base ../../build/scara_kinematics build --build-base /home/sergio/ros2_ws/build/scara_kinematics/build install --record /home/sergio/ros2_ws/build/scara_kinematics/install.log --install-scripts $base/lib/scara_kinematics --single-version-externally-managed install_data
